../Core/Src/main.cpp:47:17:uint32_t lcg_next()	4	static
../Core/Src/main.cpp:52:14:float frand_range(float, float)	24	static
../Core/Src/main.cpp:57:14:float clampf(float, float, float)	24	static
../Core/Src/main.cpp:61:13:void update_sensors()	8	static
../Core/Src/main.cpp:70:13:void send_frame()	216	static
../Core/Src/main.cpp:80:13:void process_rx_line(const char*)	304	static
../Core/Src/main.cpp:109:13:void start_rx()	8	static
../Core/Src/main.cpp:113:6:void HAL_UART_RxCpltCallback(UART_HandleTypeDef*)	24	static
../Core/Src/main.cpp:139:5:int main()	112	static
../Core/Src/main.cpp:205:6:void SystemClock_Config()	72	static
../Core/Src/main.cpp:231:6:void Error_Handler()	4	static,ignoring_inline_asm
