../Core/Src/main.cpp:79:17:uint32_t lcg_next()	4	static
../Core/Src/main.cpp:84:14:float frand_range(float, float)	24	static
../Core/Src/main.cpp:89:14:float clampf(float, float, float)	24	static
../Core/Src/main.cpp:93:13:void update_sensors()	8	static
../Core/Src/main.cpp:102:13:void send_frame()	216	static
../Core/Src/main.cpp:112:13:void process_rx_line(const char*)	304	static
../Core/Src/main.cpp:141:13:void start_rx()	8	static
../Core/Src/main.cpp:145:6:void HAL_UART_RxCpltCallback(UART_HandleTypeDef*)	24	static
../Core/Src/main.cpp:176:5:int main()	112	static
../Core/Src/main.cpp:251:6:void SystemClock_Config()	88	static
../Core/Src/main.cpp:301:6:void Error_Handler()	4	static,ignoring_inline_asm
