../Core/Src/main.cpp:84:6:void start_esp_bridge_rx()	8	static
../Core/Src/main.cpp:89:6:void flush_modbus_uart()	16	static
../Core/Src/main.cpp:97:6:void parse_esp_command(const char*)	24	static
../Core/Src/main.cpp:113:6:void HAL_UART_RxCpltCallback(UART_HandleTypeDef*)	24	static
../Core/Src/main.cpp:138:6:void HAL_UART_ErrorCallback(UART_HandleTypeDef*)	24	static
../Core/Src/main.cpp:156:5:int main()	8	static
../Core/Src/main.cpp:215:6:void SystemClock_Config()	88	static
../Core/Src/main.cpp:269:6:void HAL_TIM_PeriodElapsedCallback(TIM_HandleTypeDef*)	16	static
../Core/Src/main.cpp:287:6:void Error_Handler()	4	static,ignoring_inline_asm
../Core/Src/main.cpp:296:1:void __static_initialization_and_destruction_0()	8	static
../Core/Src/main.cpp:296:1:cpp)	8	static
