/opt/st/stm32cubeide_2.0.0/plugins/com.st.stm32cube.ide.mcu.externaltools.gnu-tools-for-stm32.13.3.rel1.linux64_1.0.100.202509120712/tools/arm-none-eabi/include/c++/13.3.1/bits/stl_algobase.h:1014:3:constexpr unsigned int std::__size_to_integer(unsigned int)	16	static
../Core/Inc/modbus_rtu.h:75:18:ModBus::MutexGuard::MutexGuard(osMutexId_t)	16	static
../Core/Inc/modbus_rtu.h:79:9:ModBus::MutexGuard::~MutexGuard()	16	static
../Core/Src/modbus_rtu.cpp:49:1:ModBus::RTU::RTU(UART_HandleTypeDef*, GPIO_TypeDef*, uint16_t, uint32_t)	32	static,ignoring_inline_asm
../Core/Src/modbus_rtu.cpp:73:8:ModBus::Result ModBus::RTU::readHolding(uint8_t, uint16_t, uint8_t)	40	static
../Core/Src/modbus_rtu.cpp:94:8:ModBus::Result ModBus::RTU::readInput(uint8_t, uint16_t, uint8_t)	40	static
../Core/Src/modbus_rtu.cpp:111:8:ModBus::Result ModBus::RTU::writeSingle(uint8_t, uint16_t, uint16_t)	64	static
../Core/Src/modbus_rtu.cpp:194:8:ModBus::Result ModBus::RTU::writeMulti(uint8_t, uint16_t, const uint16_t*, uint8_t)	72	static
../Core/Src/modbus_rtu.cpp:311:6:void ModBus::RTU::driveEnable()	16	static
../Core/Src/modbus_rtu.cpp:316:6:void ModBus::RTU::driveDisable()	16	static
../Core/Src/modbus_rtu.cpp:338:6:void ModBus::RTU::waitTxComplete()	24	static
../Core/Src/modbus_rtu.cpp:366:6:void ModBus::RTU::flushRx()	24	static
../Core/Src/modbus_rtu.cpp:391:10:uint16_t ModBus::RTU::crc16(const uint8_t*, uint16_t)	32	static
../Core/Src/modbus_rtu.cpp:422:9:uint8_t ModBus::RTU::buildReadFrame(uint8_t, uint8_t, uint16_t, uint8_t)	32	static
../Core/Src/modbus_rtu.cpp:462:8:ModBus::Result ModBus::RTU::parseResponse(uint8_t, uint8_t, uint8_t)	48	static
../Core/Src/modbus_rtu.cpp:524:8:ModBus::Result ModBus::RTU::transact(uint8_t, uint8_t, uint8_t, uint8_t)	56	static
/opt/st/stm32cubeide_2.0.0/plugins/com.st.stm32cube.ide.mcu.externaltools.gnu-tools-for-stm32.13.3.rel1.linux64_1.0.100.202509120712/tools/arm-none-eabi/include/c++/13.3.1/array:115:7:void std::array<_Tp, _Nm>::fill(const value_type&) [with _Tp = unsigned char; unsigned int _Nm = 256]	24	static
/opt/st/stm32cubeide_2.0.0/plugins/com.st.stm32cube.ide.mcu.externaltools.gnu-tools-for-stm32.13.3.rel1.linux64_1.0.100.202509120712/tools/arm-none-eabi/include/c++/13.3.1/array:200:7:std::array<_Tp, _Nm>::value_type& std::array<_Tp, _Nm>::operator[](size_type) [with _Tp = unsigned char; unsigned int _Nm = 256]	16	static
/opt/st/stm32cubeide_2.0.0/plugins/com.st.stm32cube.ide.mcu.externaltools.gnu-tools-for-stm32.13.3.rel1.linux64_1.0.100.202509120712/tools/arm-none-eabi/include/c++/13.3.1/array:200:7:std::array<_Tp, _Nm>::value_type& std::array<_Tp, _Nm>::operator[](size_type) [with _Tp = unsigned char; unsigned int _Nm = 8]	16	static
/opt/st/stm32cubeide_2.0.0/plugins/com.st.stm32cube.ide.mcu.externaltools.gnu-tools-for-stm32.13.3.rel1.linux64_1.0.100.202509120712/tools/arm-none-eabi/include/c++/13.3.1/array:200:7:std::array<_Tp, _Nm>::value_type& std::array<_Tp, _Nm>::operator[](size_type) [with _Tp = short unsigned int; unsigned int _Nm = 125]	16	static
/opt/st/stm32cubeide_2.0.0/plugins/com.st.stm32cube.ide.mcu.externaltools.gnu-tools-for-stm32.13.3.rel1.linux64_1.0.100.202509120712/tools/arm-none-eabi/include/c++/13.3.1/array:126:7:std::array<_Tp, _Nm>::value_type* std::array<_Tp, _Nm>::begin() [with _Tp = unsigned char; unsigned int _Nm = 256]	24	static
/opt/st/stm32cubeide_2.0.0/plugins/com.st.stm32cube.ide.mcu.externaltools.gnu-tools-for-stm32.13.3.rel1.linux64_1.0.100.202509120712/tools/arm-none-eabi/include/c++/13.3.1/bits/stl_algobase.h:1152:5:_OI std::fill_n(_OI, _Size, const _Tp&) [with _OI = unsigned char*; _Size = unsigned int; _Tp = unsigned char]	32	static
/opt/st/stm32cubeide_2.0.0/plugins/com.st.stm32cube.ide.mcu.externaltools.gnu-tools-for-stm32.13.3.rel1.linux64_1.0.100.202509120712/tools/arm-none-eabi/include/c++/13.3.1/bits/stl_algobase.h:1117:5:_OutputIterator std::__fill_n_a(_OutputIterator, _Size, const _Tp&, random_access_iterator_tag) [with _OutputIterator = unsigned char*; _Size = unsigned int; _Tp = unsigned char]	24	static
/opt/st/stm32cubeide_2.0.0/plugins/com.st.stm32cube.ide.mcu.externaltools.gnu-tools-for-stm32.13.3.rel1.linux64_1.0.100.202509120712/tools/arm-none-eabi/include/c++/13.3.1/bits/stl_algobase.h:976:5:void std::__fill_a(_FIte, _FIte, const _Tp&) [with _FIte = unsigned char*; _Tp = unsigned char]	24	static
/opt/st/stm32cubeide_2.0.0/plugins/com.st.stm32cube.ide.mcu.externaltools.gnu-tools-for-stm32.13.3.rel1.linux64_1.0.100.202509120712/tools/arm-none-eabi/include/c++/13.3.1/bits/stl_algobase.h:939:5:typename __gnu_cxx::__enable_if<std::__is_byte<_Tp>::__value, void>::__type std::__fill_a1(_Tp*, _Tp*, const _Tp&) [with _Tp = unsigned char]	32	static
